=== SERVER HEALTH REPORT ===
Generated on: Wed Dec 10 12:10:56 UTC 2025

1) Disk Usage:
Filesystem      Size  Used Avail Use% Mounted on
none            3.9G     0  3.9G   0% /usr/lib/modules/6.6.87.2-microsoft-standard-WSL2
none            3.9G  4.0K  3.9G   1% /mnt/wsl
drivers         477G  112G  366G  24% /usr/lib/wsl/drivers
/dev/sdd       1007G  2.9G  953G   1% /
none            3.9G   76K  3.9G   1% /mnt/wslg
none            3.9G     0  3.9G   0% /usr/lib/wsl/lib
rootfs          3.9G  2.7M  3.9G   1% /init
none            3.9G  524K  3.9G   1% /run
none            3.9G     0  3.9G   0% /run/lock
none            3.9G     0  3.9G   0% /run/shm
none            3.9G   76K  3.9G   1% /mnt/wslg/versions.txt
none            3.9G   76K  3.9G   1% /mnt/wslg/doc
C:\             477G  112G  366G  24% /mnt/c
tmpfs           787M   20K  787M   1% /run/user/1000

2) Memory Usage:
               total        used        free      shared  buff/cache   available
Mem:           7.7Gi       477Mi       7.2Gi       3.5Mi       213Mi       7.2Gi
Swap:          2.0Gi          0B       2.0Gi

3) Top 5 directories consuming the most space:
