=== SERVER HEALTH REPORT ===
Generated on: Wed Dec 10 12:20:48 UTC 2025

1) Disk Usage:
Filesystem      Size  Used Avail Use% Mounted on
none            3.9G     0  3.9G   0% /usr/lib/modules/6.6.87.2-microsoft-standard-WSL2
none            3.9G  4.0K  3.9G   1% /mnt/wsl
drivers         477G  112G  366G  24% /usr/lib/wsl/drivers
/dev/sdd       1007G  2.9G  953G   1% /
none            3.9G   76K  3.9G   1% /mnt/wslg
none            3.9G     0  3.9G   0% /usr/lib/wsl/lib
rootfs          3.9G  2.7M  3.9G   1% /init
none            3.9G  524K  3.9G   1% /run
none            3.9G     0  3.9G   0% /run/lock
none            3.9G     0  3.9G   0% /run/shm
none            3.9G   76K  3.9G   1% /mnt/wslg/versions.txt
none            3.9G   76K  3.9G   1% /mnt/wslg/doc
C:\             477G  112G  366G  24% /mnt/c
tmpfs           787M   20K  787M   1% /run/user/1000

2) Memory Usage:
               total        used        free      shared  buff/cache   available
Mem:           7.7Gi       480Mi       7.1Gi       3.5Mi       220Mi       7.2Gi
Swap:          2.0Gi          0B       2.0Gi

3) Top 5 directories consuming the most space:
239M	/home/bhuvaneshp3/aws
60M	/home/bhuvaneshp3/awscliv2.zip
3.0M	/home/bhuvaneshp3/nohup.out
1.5M	/home/bhuvaneshp3/installedpackages.txt
968K	/home/bhuvaneshp3/git-tutr

4)CPU USAGE
top - 12:20:48 up  1:00,  1 user,  load average: 0.00, 0.00, 0.03
Tasks:  36 total,   1 running,  35 sleeping,   0 stopped,   0 zombie
%Cpu(s):  0.0 us,  0.0 sy,  0.0 ni,100.0 id,  0.0 wa,  0.0 hi,  0.0 si,  0.0 st 
MiB Mem :   7862.2 total,   7318.2 free,    483.1 used,    221.1 buff/cache     
MiB Swap:   2048.0 total,   2048.0 free,      0.0 used.   7379.1 avail Mem 
